{
  "annotations": {
    "title": "Initialize knowledge base"
  },
  "description": "Initialize a knowledge base in a GitHub repository by creating an AGENTS.md configuration file and the initial folder structure. Use this to set up a new knowledge base.",
  "inputSchema": {
    "properties": {
      "branch": {
        "description": "Branch to create the KB on. Defaults to the repository's default branch.",
        "type": "string"
      },
      "directories": {
        "description": "Knowledge base directories to create. Each entry is an object with 'path' and optional 'description'. Defaults to a standard structure if not provided.",
        "items": {
          "properties": {
            "description": {
              "description": "Description of what this directory contains",
              "type": "string"
            },
            "path": {
              "description": "Directory path (e.g., 'docs/architecture')",
              "type": "string"
            }
          },
          "required": [
            "path"
          ],
          "type": "object"
        },
        "type": "array"
      }
    },
    "type": "object"
  },
  "name": "kb_init"
}