{
  "annotations": {
    "readOnlyHint": true,
    "title": "Search knowledge base"
  },
  "description": "Search the project knowledge base for context relevant to your current task. Use this before making changes to understand prior decisions, existing patterns, and project conventions.",
  "inputSchema": {
    "properties": {
      "path": {
        "description": "Optional: limit search to a specific KB directory (e.g., 'docs/architecture')",
        "type": "string"
      },
      "query": {
        "description": "Search query. Searches across document titles, tags, and content.",
        "type": "string"
      },
      "ref": {
        "description": "Git ref (branch or tag). Defaults to the repository's default branch.",
        "type": "string"
      }
    },
    "required": [
      "query"
    ],
    "type": "object"
  },
  "name": "kb_search"
}